
Water H-bond characterization:
------------------------------
File: /Users/sarai/repo/hbonds/hbonds/tests/water_PBC.xyz
Atoms: 96 (O: 32, H: 64, other: 0)

H-bond condition: wernet2005

Index  Character      OH-distances
--------------------------------------
  1      D2A2      0.9721       0.9641
  4      D2A3      1.0219       0.9860
  7      D2A2      0.9591       1.0037
 10      D2A2      0.9840       1.0064
 13      D2A1      0.9588       0.9391
 16      D2A2      0.9674       0.9754
 19      D2A3      0.9695       0.9636
 22      D2A1      0.9992       0.9533
 25      D2A2      0.9904       0.9795
 28      D2A2      0.9876       1.0274
 31      D2A2      0.9975       1.0289
 34      D2A2      0.9501       1.0095
 37      D1A2      0.9932       0.9386
 40      D2A2      0.9880       0.9512
 43      D2A2      0.9793       0.9690
 46      D2A2      0.9644       1.0206
 49      D2A1      1.0205       1.0178
 52      D2A3      0.9928       0.9834
 55      D2A2      0.9956       0.9754
 58      D1A1      0.9528       0.9550
 61      D2A2      1.0144       1.0847
 64      D2A2      1.0027       0.9796
 67      D2A1      0.9412       0.9659
 70      D2A1      1.0187       0.9587
 73      D2A1      1.0078       0.9661
 76      D1A2      1.0076       0.9632
 79      D2A2      0.9837       0.9388
 82      D1A2      0.9451       1.0193
 85      D2A2      0.9733       0.9729
 88      D2A2      0.9974       0.9489
 91      D0A1      0.9570       1.0385
 94      D2A1      0.9699       0.9731
--------------------------------------
